

================================================================
== Vivado HLS Report for 'aesl_mux_load_12i32P'
================================================================
* Date:           Mon May  5 16:52:39 2025

* Version:        2020.1 (Build 2897737 on Wed May 27 20:21:37 MDT 2020)
* Project:        Assignment_5
* Solution:       solution1
* Product family: virtexuplus
* Target device:  xcvu9p-flga2104-1-i


================================================================
== Performance Estimates
================================================================
+ Timing: 
    * Summary: 
    +--------+----------+----------+------------+
    |  Clock |  Target  | Estimated| Uncertainty|
    +--------+----------+----------+------------+
    |ap_clk  | 10.00 ns | 1.038 ns |   1.25 ns  |
    +--------+----------+----------+------------+

+ Latency: 
    * Summary: 
    +---------+---------+----------+----------+-----+-----+---------+
    |  Latency (cycles) |  Latency (absolute) |  Interval | Pipeline|
    |   min   |   max   |    min   |    max   | min | max |   Type  |
    +---------+---------+----------+----------+-----+-----+---------+
    |        0|        0|   0 ns   |   0 ns   |    0|    0|   none  |
    +---------+---------+----------+----------+-----+-----+---------+

    + Detail: 
        * Instance: 
        N/A

        * Loop: 
        N/A



================================================================
== Utilization Estimates
================================================================
* Summary: 
+---------------------+---------+-------+---------+---------+-----+
|         Name        | BRAM_18K| DSP48E|    FF   |   LUT   | URAM|
+---------------------+---------+-------+---------+---------+-----+
|DSP                  |        -|      -|        -|        -|    -|
|Expression           |        -|      -|        -|        -|    -|
|FIFO                 |        -|      -|        -|        -|    -|
|Instance             |        -|      -|        -|        -|    -|
|Memory               |        -|      -|        -|        -|    -|
|Multiplexer          |        -|      -|        -|       56|    -|
|Register             |        -|      -|        -|        -|    -|
+---------------------+---------+-------+---------+---------+-----+
|Total                |        0|      0|        0|       56|    0|
+---------------------+---------+-------+---------+---------+-----+
|Available SLR        |     1440|   2280|   788160|   394080|  320|
+---------------------+---------+-------+---------+---------+-----+
|Utilization SLR (%)  |        0|      0|        0|    ~0   |    0|
+---------------------+---------+-------+---------+---------+-----+
|Available            |     4320|   6840|  2364480|  1182240|  960|
+---------------------+---------+-------+---------+---------+-----+
|Utilization (%)      |        0|      0|        0|    ~0   |    0|
+---------------------+---------+-------+---------+---------+-----+

+ Detail: 
    * Instance: 
    N/A

    * DSP48E: 
    N/A

    * Memory: 
    N/A

    * FIFO: 
    N/A

    * Expression: 
    N/A

    * Multiplexer: 
    +-----------------------------------------+----+-----------+-----+-----------+
    |                   Name                  | LUT| Input Size| Bits| Total Bits|
    +-----------------------------------------+----+-----------+-----+-----------+
    |ap_phi_mux_UnifiedRetVal_phi_fu_141_p24  |  56|         13|   32|        416|
    +-----------------------------------------+----+-----------+-----+-----------+
    |Total                                    |  56|         13|   32|        416|
    +-----------------------------------------+----+-----------+-----+-----------+

    * Register: 
    N/A



================================================================
== Interface
================================================================
* Summary: 
+-----------+-----+-----+------------+----------------------+--------------+
| RTL Ports | Dir | Bits|  Protocol  |     Source Object    |    C Type    |
+-----------+-----+-----+------------+----------------------+--------------+
|ap_ready   | out |    1| ap_ctrl_hs | aesl_mux_load_12i32P | return value |
|ap_return  | out |   32| ap_ctrl_hs | aesl_mux_load_12i32P | return value |
|empty_2    |  in |   32|   ap_none  |        empty_2       |    pointer   |
|empty_3    |  in |   32|   ap_none  |        empty_3       |    pointer   |
|empty_4    |  in |   32|   ap_none  |        empty_4       |    pointer   |
|empty_5    |  in |   32|   ap_none  |        empty_5       |    pointer   |
|empty_6    |  in |   32|   ap_none  |        empty_6       |    pointer   |
|empty_7    |  in |   32|   ap_none  |        empty_7       |    pointer   |
|empty_8    |  in |   32|   ap_none  |        empty_8       |    pointer   |
|empty_9    |  in |   32|   ap_none  |        empty_9       |    pointer   |
|empty_10   |  in |   32|   ap_none  |       empty_10       |    pointer   |
|empty_11   |  in |   32|   ap_none  |       empty_11       |    pointer   |
|empty_12   |  in |   32|   ap_none  |       empty_12       |    pointer   |
|empty_13   |  in |   32|   ap_none  |       empty_13       |    pointer   |
|empty      |  in |    4|   ap_none  |         empty        |    scalar    |
+-----------+-----+-----+------------+----------------------+--------------+

